Archive member included to satisfy reference by file (symbol)

/Applications/ARM/bin/../lib/gcc/arm-none-eabi/10.3.1/thumb/v7-m/nofp/libgcc.a(_arm_muldf3.o)
                              CMakeFiles/QEA.elf.dir/Core/Src/main.c.obj (__aeabi_dmul)
/Applications/ARM/bin/../lib/gcc/arm-none-eabi/10.3.1/thumb/v7-m/nofp/libgcc.a(_arm_addsubdf3.o)
                              CMakeFiles/QEA.elf.dir/Core/Src/main.c.obj (__aeabi_dsub)
/Applications/ARM/bin/../lib/gcc/arm-none-eabi/10.3.1/thumb/v7-m/nofp/libgcc.a(_arm_muldivdf3.o)
                              CMakeFiles/QEA.elf.dir/Core/Src/main.c.obj (__aeabi_ddiv)
/Applications/ARM/bin/../lib/gcc/arm-none-eabi/10.3.1/thumb/v7-m/nofp/libgcc.a(_arm_cmpdf2.o)
                              CMakeFiles/QEA.elf.dir/Core/Src/main.c.obj (__aeabi_dcmplt)
/Applications/ARM/bin/../lib/gcc/arm-none-eabi/10.3.1/thumb/v7-m/nofp/libgcc.a(_arm_fixunsdfsi.o)
                              CMakeFiles/QEA.elf.dir/Core/Src/main.c.obj (__aeabi_d2uiz)
/Applications/ARM/bin/../lib/gcc/arm-none-eabi/10.3.1/../../../../arm-none-eabi/lib/thumb/v7-m/nofp/libg.a(lib_a-errno.o)
                              CMakeFiles/QEA.elf.dir/Core/Src/syscalls.c.obj (__errno)
/Applications/ARM/bin/../lib/gcc/arm-none-eabi/10.3.1/../../../../arm-none-eabi/lib/thumb/v7-m/nofp/libg.a(lib_a-exit.o)
                              /Applications/ARM/bin/../lib/gcc/arm-none-eabi/10.3.1/../../../../arm-none-eabi/lib/thumb/v7-m/nofp/crt0.o (exit)
/Applications/ARM/bin/../lib/gcc/arm-none-eabi/10.3.1/../../../../arm-none-eabi/lib/thumb/v7-m/nofp/libg.a(lib_a-impure.o)
                              /Applications/ARM/bin/../lib/gcc/arm-none-eabi/10.3.1/../../../../arm-none-eabi/lib/thumb/v7-m/nofp/libg.a(lib_a-exit.o) (_global_impure_ptr)
/Applications/ARM/bin/../lib/gcc/arm-none-eabi/10.3.1/../../../../arm-none-eabi/lib/thumb/v7-m/nofp/libg.a(lib_a-init.o)
                              /Applications/ARM/bin/../lib/gcc/arm-none-eabi/10.3.1/../../../../arm-none-eabi/lib/thumb/v7-m/nofp/crt0.o (__libc_init_array)
/Applications/ARM/bin/../lib/gcc/arm-none-eabi/10.3.1/../../../../arm-none-eabi/lib/thumb/v7-m/nofp/libg.a(lib_a-memcpy.o)
                              CMakeFiles/QEA.elf.dir/Core/Src/main.c.obj (memcpy)
/Applications/ARM/bin/../lib/gcc/arm-none-eabi/10.3.1/../../../../arm-none-eabi/lib/thumb/v7-m/nofp/libg.a(lib_a-memset.o)
                              /Applications/ARM/bin/../lib/gcc/arm-none-eabi/10.3.1/../../../../arm-none-eabi/lib/thumb/v7-m/nofp/crt0.o (memset)
/Applications/ARM/bin/../lib/gcc/arm-none-eabi/10.3.1/../../../../arm-none-eabi/lib/thumb/v7-m/nofp/libg.a(lib_a-__call_atexit.o)
                              /Applications/ARM/bin/../lib/gcc/arm-none-eabi/10.3.1/../../../../arm-none-eabi/lib/thumb/v7-m/nofp/libg.a(lib_a-exit.o) (__call_exitprocs)
/Applications/ARM/bin/../lib/gcc/arm-none-eabi/10.3.1/../../../../arm-none-eabi/lib/thumb/v7-m/nofp/libg.a(lib_a-atexit.o)
                              /Applications/ARM/bin/../lib/gcc/arm-none-eabi/10.3.1/../../../../arm-none-eabi/lib/thumb/v7-m/nofp/libg.a(lib_a-__call_atexit.o) (atexit)
/Applications/ARM/bin/../lib/gcc/arm-none-eabi/10.3.1/../../../../arm-none-eabi/lib/thumb/v7-m/nofp/libg.a(lib_a-fini.o)
                              /Applications/ARM/bin/../lib/gcc/arm-none-eabi/10.3.1/../../../../arm-none-eabi/lib/thumb/v7-m/nofp/libg.a(lib_a-__call_atexit.o) (__libc_fini_array)
/Applications/ARM/bin/../lib/gcc/arm-none-eabi/10.3.1/../../../../arm-none-eabi/lib/thumb/v7-m/nofp/libg.a(lib_a-lock.o)
                              /Applications/ARM/bin/../lib/gcc/arm-none-eabi/10.3.1/../../../../arm-none-eabi/lib/thumb/v7-m/nofp/libg.a(lib_a-__call_atexit.o) (__retarget_lock_acquire_recursive)
/Applications/ARM/bin/../lib/gcc/arm-none-eabi/10.3.1/../../../../arm-none-eabi/lib/thumb/v7-m/nofp/libg.a(lib_a-__atexit.o)
                              /Applications/ARM/bin/../lib/gcc/arm-none-eabi/10.3.1/../../../../arm-none-eabi/lib/thumb/v7-m/nofp/libg.a(lib_a-atexit.o) (__register_exitproc)
/Applications/ARM/bin/../lib/gcc/arm-none-eabi/10.3.1/../../../../arm-none-eabi/lib/thumb/v7-m/nofp/libm.a(lib_a-s_atan.o)
                              CMakeFiles/QEA.elf.dir/Core/Src/main.c.obj (atan)
/Applications/ARM/bin/../lib/gcc/arm-none-eabi/10.3.1/../../../../arm-none-eabi/lib/thumb/v7-m/nofp/libm.a(lib_a-s_fabs.o)
                              /Applications/ARM/bin/../lib/gcc/arm-none-eabi/10.3.1/../../../../arm-none-eabi/lib/thumb/v7-m/nofp/libm.a(lib_a-s_atan.o) (fabs)
/Applications/ARM/bin/../lib/gcc/arm-none-eabi/10.3.1/../../../../arm-none-eabi/lib/thumb/v7-m/nofp/libm.a(lib_a-w_pow.o)
                              CMakeFiles/QEA.elf.dir/Core/Src/main.c.obj (pow)
/Applications/ARM/bin/../lib/gcc/arm-none-eabi/10.3.1/../../../../arm-none-eabi/lib/thumb/v7-m/nofp/libm.a(lib_a-w_sqrt.o)
                              CMakeFiles/QEA.elf.dir/Core/Src/main.c.obj (sqrt)
[...]
Memory Configuration

Name             Origin             Length             Attributes
RAM              0x0000000020000000 0x000000000000c000 xrw
FLASH            0x0000000008000000 0x0000000000040000 xr
*default*        0x0000000000000000 0xffffffffffffffff

Linker script and memory map

LOAD /Applications/ARM/bin/../lib/gcc/arm-none-eabi/10.3.1/thumb/v7-m/nofp/crti.o
LOAD /Applications/ARM/bin/../lib/gcc/arm-none-eabi/10.3.1/thumb/v7-m/nofp/crtbegin.o
LOAD /Applications/ARM/bin/../lib/gcc/arm-none-eabi/10.3.1/../../../../arm-none-eabi/lib/thumb/v7-m/nofp/crt0.o
LOAD CMakeFiles/QEA.elf.dir/Core/Src/gpio.c.obj
LOAD CMakeFiles/QEA.elf.dir/Core/Src/main.c.obj
LOAD CMakeFiles/QEA.elf.dir/Core/Src/stm32f1xx_hal_msp.c.obj
LOAD CMakeFiles/QEA.elf.dir/Core/Src/stm32f1xx_it.c.obj
LOAD CMakeFiles/QEA.elf.dir/Core/Src/syscalls.c.obj
LOAD CMakeFiles/QEA.elf.dir/Core/Src/sysmem.c.obj
LOAD CMakeFiles/QEA.elf.dir/Core/Src/system_stm32f1xx.c.obj
LOAD CMakeFiles/QEA.elf.dir/Core/Src/tim.c.obj
LOAD CMakeFiles/QEA.elf.dir/Core/Src/usart.c.obj
LOAD CMakeFiles/QEA.elf.dir/Core/Startup/startup_stm32f103rctx.s.obj
LOAD CMakeFiles/QEA.elf.dir/Drivers/STM32F1xx_HAL_Driver/Src/stm32f1xx_hal.c.obj
LOAD CMakeFiles/QEA.elf.dir/Drivers/STM32F1xx_HAL_Driver/Src/stm32f1xx_hal_cortex.c.obj
LOAD CMakeFiles/QEA.elf.dir/Drivers/STM32F1xx_HAL_Driver/Src/stm32f1xx_hal_dma.c.obj
LOAD CMakeFiles/QEA.elf.dir/Drivers/STM32F1xx_HAL_Driver/Src/stm32f1xx_hal_exti.c.obj
LOAD CMakeFiles/QEA.elf.dir/Drivers/STM32F1xx_HAL_Driver/Src/stm32f1xx_hal_flash.c.obj
LOAD CMakeFiles/QEA.elf.dir/Drivers/STM32F1xx_HAL_Driver/Src/stm32f1xx_hal_flash_ex.c.obj
LOAD CMakeFiles/QEA.elf.dir/Drivers/STM32F1xx_HAL_Driver/Src/stm32f1xx_hal_gpio.c.obj
LOAD CMakeFiles/QEA.elf.dir/Drivers/STM32F1xx_HAL_Driver/Src/stm32f1xx_hal_gpio_ex.c.obj
LOAD CMakeFiles/QEA.elf.dir/Drivers/STM32F1xx_HAL_Driver/Src/stm32f1xx_hal_pwr.c.obj
LOAD CMakeFiles/QEA.elf.dir/Drivers/STM32F1xx_HAL_Driver/Src/stm32f1xx_hal_rcc.c.obj
LOAD CMakeFiles/QEA.elf.dir/Drivers/STM32F1xx_HAL_Driver/Src/stm32f1xx_hal_rcc_ex.c.obj
LOAD CMakeFiles/QEA.elf.dir/Drivers/STM32F1xx_HAL_Driver/Src/stm32f1xx_hal_tim.c.obj
LOAD CMakeFiles/QEA.elf.dir/Drivers/STM32F1xx_HAL_Driver/Src/stm32f1xx_hal_tim_ex.c.obj
LOAD CMakeFiles/QEA.elf.dir/Drivers/STM32F1xx_HAL_Driver/Src/stm32f1xx_hal_uart.c.obj
START GROUP
LOAD /Applications/ARM/bin/../lib/gcc/arm-none-eabi/10.3.1/thumb/v7-m/nofp/libgcc.a
LOAD /Applications/ARM/bin/../lib/gcc/arm-none-eabi/10.3.1/../../../../arm-none-eabi/lib/thumb/v7-m/nofp/libg.a
LOAD /Applications/ARM/bin/../lib/gcc/arm-none-eabi/10.3.1/../../../../arm-none-eabi/lib/thumb/v7-m/nofp/libc.a
END GROUP
LOAD /Applications/ARM/bin/../lib/gcc/arm-none-eabi/10.3.1/thumb/v7-m/nofp/crtend.o
LOAD /Applications/ARM/bin/../lib/gcc/arm-none-eabi/10.3.1/thumb/v7-m/nofp/crtn.o
                0x000000002000c000                _estack = (ORIGIN (RAM) + LENGTH (RAM))
                0x0000000000000200                _Min_Heap_Size = 0x200
                0x0000000000000400                _Min_Stack_Size = 0x400

.isr_vector     0x0000000008000000      0x1e4
                0x0000000008000000                . = ALIGN (0x4)
 *(.isr_vector)
 .isr_vector    0x0000000008000000      0x1e4 CMakeFiles/QEA.elf.dir/Core/Startup/startup_stm32f103rctx.s.obj
                0x0000000008000000                g_pfnVectors
                0x00000000080001e4                . = ALIGN (0x4)

.text           0x00000000080001e8     0x42e4
                0x00000000080001e8                . = ALIGN (0x4)
 *(.text)
 .text          0x00000000080001e8       0x40 /Applications/ARM/bin/../lib/gcc/arm-none-eabi/10.3.1/thumb/v7-m/nofp/crtbegin.o
 .text          0x0000000008000228      0x378 /Applications/ARM/bin/../lib/gcc/arm-none-eabi/10.3.1/thumb/v7-m/nofp/libgcc.a(_arm_addsubdf3.o)
                0x0000000008000228                __aeabi_drsub
                0x0000000008000230                __subdf3
                0x0000000008000230                __aeabi_dsub
                0x0000000008000234                __aeabi_dadd
                0x0000000008000234                __adddf3
                0x00000000080004ac                __aeabi_ui2d
                0x00000000080004ac                __floatunsidf
                0x00000000080004cc                __floatsidf
                0x00000000080004cc                __aeabi_i2d
                0x00000000080004f0                __extendsfdf2
                0x00000000080004f0                __aeabi_f2d
                0x0000000008000534                __aeabi_ul2d
                0x0000000008000534                __floatundidf
                0x0000000008000544                __aeabi_l2d
                0x0000000008000544                __floatdidf
 .text          0x00000000080005a0      0x424 /Applications/ARM/bin/../lib/gcc/arm-none-eabi/10.3.1/thumb/v7-m/nofp/libgcc.a(_arm_muldivdf3.o)
                0x00000000080005a0                __aeabi_dmul
                0x00000000080005a0                __muldf3
                0x00000000080007f4                __aeabi_ddiv
                0x00000000080007f4                __divdf3
 .text          0x00000000080009c4      0x110 /Applications/ARM/bin/../lib/gcc/arm-none-eabi/10.3.1/thumb/v7-m/nofp/libgcc.a(_arm_cmpdf2.o)
                0x00000000080009c4                __gedf2
                0x00000000080009c4                __gtdf2
                0x00000000080009cc                __ledf2
                0x00000000080009cc                __ltdf2
                0x00000000080009d4                __cmpdf2
                0x00000000080009d4                __eqdf2
                0x00000000080009d4                __nedf2
                0x0000000008000a50                __aeabi_cdrcmple
                0x0000000008000a60                __aeabi_cdcmple
                0x0000000008000a60                __aeabi_cdcmpeq
                0x0000000008000a70                __aeabi_dcmpeq
                0x0000000008000a84                __aeabi_dcmplt
                0x0000000008000a98                __aeabi_dcmple
                0x0000000008000aac                __aeabi_dcmpge
                0x0000000008000ac0                __aeabi_dcmpgt
 .text          0x0000000008000ad4       0x40 /Applications/ARM/bin/../lib/gcc/arm-none-eabi/10.3.1/thumb/v7-m/nofp/libgcc.a(_arm_fixunsdfsi.o)
                0x0000000008000ad4                __fixunsdfsi
                0x0000000008000ad4                __aeabi_d2uiz
 .text          0x0000000008000b14       0xec /Applications/ARM/bin/../lib/gcc/arm-none-eabi/10.3.1/../../../../arm-none-eabi/lib/thumb/v7-m/nofp/libg.a(lib_a-memcpy.o)
                0x0000000008000b14                memcpy
 .text          0x0000000008000c00       0x2c /Applications/ARM/bin/../lib/gcc/arm-none-eabi/10.3.1/thumb/v7-m/nofp/libgcc.a(_arm_unorddf2.o)
                0x0000000008000c00                __aeabi_dcmpun
                0x0000000008000c00                __unorddf2
 *(.text*)
 .text.MX_GPIO_Init
                0x0000000008000c2c       0xec CMakeFiles/QEA.elf.dir/Core/Src/gpio.c.obj
                0x0000000008000c2c                MX_GPIO_Init
 .text.ClearSpeed
                0x0000000008000d18       0x14 CMakeFiles/QEA.elf.dir/Core/Src/main.c.obj
                0x0000000008000d18                ClearSpeed
 *fill*         0x0000000008000d2c        0x4 
 .text.MoveForward
                0x0000000008000d30       0x44 CMakeFiles/QEA.elf.dir/Core/Src/main.c.obj
                0x0000000008000d30                MoveForward
 .text.SpinLeft
                0x0000000008000d74       0x30 CMakeFiles/QEA.elf.dir/Core/Src/main.c.obj
                0x0000000008000d74                SpinLeft
 .text.SpinRight
                0x0000000008000da4       0x30 CMakeFiles/QEA.elf.dir/Core/Src/main.c.obj
                0x0000000008000da4                SpinRight
 .text.CommitSpeed
                0x0000000008000dd4       0x24 CMakeFiles/QEA.elf.dir/Core/Src/main.c.obj
                0x0000000008000dd4                CommitSpeed
 .text.Stop     0x0000000008000df8        0xc CMakeFiles/QEA.elf.dir/Core/Src/main.c.obj
                0x0000000008000df8                Stop
 *fill*         0x0000000008000e04        0x4 
 .text.DisConvertToPulse
                0x0000000008000e08       0x18 CMakeFiles/QEA.elf.dir/Core/Src/main.c.obj
                0x0000000008000e08                DisConvertToPulse
 .text.RadianConvertToPulse
                0x0000000008000e20       0x18 CMakeFiles/QEA.elf.dir/Core/Src/main.c.obj
                0x0000000008000e20                RadianConvertToPulse
 .text.MoveForwardV2
                0x0000000008000e38       0x4c CMakeFiles/QEA.elf.dir/Core/Src/main.c.obj
                0x0000000008000e38                MoveForwardV2
 .text.SpinLeftV2
                0x0000000008000e84       0x4c CMakeFiles/QEA.elf.dir/Core/Src/main.c.obj
                0x0000000008000e84                SpinLeftV2
 .text.SpinRightV2
                0x0000000008000ed0       0x4c CMakeFiles/QEA.elf.dir/Core/Src/main.c.obj
                0x0000000008000ed0                SpinRightV2
 *fill*         0x0000000008000f1c        0x4 
 .text.MoveTo   0x0000000008000f20      0x1a4 CMakeFiles/QEA.elf.dir/Core/Src/main.c.obj
                0x0000000008000f20                MoveTo
 *fill*         0x00000000080010c4        0x4 
 .text.PID_Init
                0x00000000080010c8       0x7c CMakeFiles/QEA.elf.dir/Core/Src/main.c.obj
                0x00000000080010c8                PID_Init
 .text.Do_PID   0x0000000008001144       0xc6 CMakeFiles/QEA.elf.dir/Core/Src/main.c.obj
                0x0000000008001144                Do_PID
 *fill*         0x000000000800120a        0x2 
 .text.PID_Tick
                0x000000000800120c      0x128 CMakeFiles/QEA.elf.dir/Core/Src/main.c.obj
                0x000000000800120c                PID_Tick
 .text.HAL_TIM_PeriodElapsedCallback
                0x0000000008001334       0x18 CMakeFiles/QEA.elf.dir/Core/Src/main.c.obj
                0x0000000008001334                HAL_TIM_PeriodElapsedCallback
 .text.Error_Handler
                0x000000000800134c        0x4 CMakeFiles/QEA.elf.dir/Core/Src/main.c.obj
                0x000000000800134c                Error_Handler
 .text.SystemClock_Config
                0x0000000008001350       0x64 CMakeFiles/QEA.elf.dir/Core/Src/main.c.obj
                0x0000000008001350                SystemClock_Config
 *fill*         0x00000000080013b4        0x4 
 .text.main     0x00000000080013b8      0x2a8 CMakeFiles/QEA.elf.dir/Core/Src/main.c.obj
                0x00000000080013b8                main
 .text.HAL_MspInit
                0x0000000008001660       0x44 CMakeFiles/QEA.elf.dir/Core/Src/stm32f1xx_hal_msp.c.obj
                0x0000000008001660                HAL_MspInit
 .text.NMI_Handler
                0x00000000080016a4        0x2 CMakeFiles/QEA.elf.dir/Core/Src/stm32f1xx_it.c.obj
                0x00000000080016a4                NMI_Handler
 .text.HardFault_Handler
                0x00000000080016a6        0x2 CMakeFiles/QEA.elf.dir/Core/Src/stm32f1xx_it.c.obj
                0x00000000080016a6                HardFault_Handler
 .text.MemManage_Handler
                0x00000000080016a8        0x2 CMakeFiles/QEA.elf.dir/Core/Src/stm32f1xx_it.c.obj
                0x00000000080016a8                MemManage_Handler
 .text.BusFault_Handler
                0x00000000080016aa        0x2 CMakeFiles/QEA.elf.dir/Core/Src/stm32f1xx_it.c.obj
                0x00000000080016aa                BusFault_Handler
 .text.UsageFault_Handler
                0x00000000080016ac        0x2 CMakeFiles/QEA.elf.dir/Core/Src/stm32f1xx_it.c.obj
                0x00000000080016ac                UsageFault_Handler
 .text.SVC_Handler
                0x00000000080016ae        0x2 CMakeFiles/QEA.elf.dir/Core/Src/stm32f1xx_it.c.obj
                0x00000000080016ae                SVC_Handler
 .text.DebugMon_Handler
                0x00000000080016b0        0x2 CMakeFiles/QEA.elf.dir/Core/Src/stm32f1xx_it.c.obj
                0x00000000080016b0                DebugMon_Handler
 .text.PendSV_Handler
                0x00000000080016b2        0x2 CMakeFiles/QEA.elf.dir/Core/Src/stm32f1xx_it.c.obj
                0x00000000080016b2                PendSV_Handler
 .text.SysTick_Handler
                0x00000000080016b4        0x8 CMakeFiles/QEA.elf.dir/Core/Src/stm32f1xx_it.c.obj
                0x00000000080016b4                SysTick_Handler
 .text.TIM6_IRQHandler
                0x00000000080016bc       0x10 CMakeFiles/QEA.elf.dir/Core/Src/stm32f1xx_it.c.obj
                0x00000000080016bc                TIM6_IRQHandler
 .text.SystemInit
                0x00000000080016cc        0x2 CMakeFiles/QEA.elf.dir/Core/Src/system_stm32f1xx.c.obj
                0x00000000080016cc                SystemInit
 *fill*         0x00000000080016ce        0x2 
 .text.MX_TIM4_Init
                0x00000000080016d0       0x64 CMakeFiles/QEA.elf.dir/Core/Src/tim.c.obj
                0x00000000080016d0                MX_TIM4_Init
 .text.MX_TIM6_Init
                0x0000000008001734       0x50 CMakeFiles/QEA.elf.dir/Core/Src/tim.c.obj
                0x0000000008001734                MX_TIM6_Init
 .text.MX_TIM8_Init
                0x0000000008001784       0x68 CMakeFiles/QEA.elf.dir/Core/Src/tim.c.obj
                0x0000000008001784                MX_TIM8_Init
 .text.HAL_TIM_Base_MspInit
                0x00000000080017ec       0x60 CMakeFiles/QEA.elf.dir/Core/Src/tim.c.obj
                0x00000000080017ec                HAL_TIM_Base_MspInit
 .text.HAL_TIM_Encoder_MspInit
                0x000000000800184c       0xa0 CMakeFiles/QEA.elf.dir/Core/Src/tim.c.obj
                0x000000000800184c                HAL_TIM_Encoder_MspInit
 .text.HAL_TIM_MspPostInit
                0x00000000080018ec       0x74 CMakeFiles/QEA.elf.dir/Core/Src/tim.c.obj
                0x00000000080018ec                HAL_TIM_MspPostInit
 .text.MX_TIM3_Init
                0x0000000008001960       0xec CMakeFiles/QEA.elf.dir/Core/Src/tim.c.obj
                0x0000000008001960                MX_TIM3_Init
 .text.MX_USART1_UART_Init
                0x0000000008001a4c       0x34 CMakeFiles/QEA.elf.dir/Core/Src/usart.c.obj
                0x0000000008001a4c                MX_USART1_UART_Init
 .text.HAL_UART_MspInit
                0x0000000008001a80       0x78 CMakeFiles/QEA.elf.dir/Core/Src/usart.c.obj
                0x0000000008001a80                HAL_UART_MspInit
 .text.Reset_Handler
                0x0000000008001af8       0x48 CMakeFiles/QEA.elf.dir/Core/Startup/startup_stm32f103rctx.s.obj
                0x0000000008001af8                Reset_Handler
 .text.Default_Handler
                0x0000000008001b40        0x2 CMakeFiles/QEA.elf.dir/Core/Startup/startup_stm32f103rctx.s.obj
                0x0000000008001b40                DMA2_Channel3_IRQHandler
                0x0000000008001b40                EXTI2_IRQHandler
                0x0000000008001b40                TIM8_TRG_COM_IRQHandler
                0x0000000008001b40                TIM8_CC_IRQHandler
                0x0000000008001b40                TIM1_CC_IRQHandler
                0x0000000008001b40                PVD_IRQHandler
                0x0000000008001b40                SDIO_IRQHandler
                0x0000000008001b40                EXTI3_IRQHandler
                0x0000000008001b40                EXTI0_IRQHandler
                0x0000000008001b40                I2C2_EV_IRQHandler
                0x0000000008001b40                ADC1_2_IRQHandler
                0x0000000008001b40                SPI1_IRQHandler
                0x0000000008001b40                TAMPER_IRQHandler
                0x0000000008001b40                TIM8_UP_IRQHandler
                0x0000000008001b40                DMA2_Channel2_IRQHandler
                0x0000000008001b40                DMA1_Channel4_IRQHandler
                0x0000000008001b40                USART3_IRQHandler
                0x0000000008001b40                RTC_IRQHandler
                0x0000000008001b40                DMA1_Channel7_IRQHandler
                0x0000000008001b40                CAN1_RX1_IRQHandler
                0x0000000008001b40                UART5_IRQHandler
                0x0000000008001b40                ADC3_IRQHandler
                0x0000000008001b40                TIM4_IRQHandler
                0x0000000008001b40                DMA2_Channel1_IRQHandler
                0x0000000008001b40                I2C1_EV_IRQHandler
                0x0000000008001b40                DMA1_Channel6_IRQHandler
                0x0000000008001b40                UART4_IRQHandler
                0x0000000008001b40                TIM3_IRQHandler
                0x0000000008001b40                RCC_IRQHandler
                0x0000000008001b40                TIM1_TRG_COM_IRQHandler
                0x0000000008001b40                DMA1_Channel1_IRQHandler
                0x0000000008001b40                Default_Handler
                0x0000000008001b40                EXTI15_10_IRQHandler
                0x0000000008001b40                TIM7_IRQHandler
                0x0000000008001b40                TIM5_IRQHandler
                0x0000000008001b40                EXTI9_5_IRQHandler
                0x0000000008001b40                SPI2_IRQHandler
                0x0000000008001b40                DMA1_Channel5_IRQHandler
                0x0000000008001b40                EXTI4_IRQHandler
                0x0000000008001b40                USB_LP_CAN1_RX0_IRQHandler
                0x0000000008001b40                USB_HP_CAN1_TX_IRQHandler
                0x0000000008001b40                DMA1_Channel3_IRQHandler
                0x0000000008001b40                FSMC_IRQHandler
                0x0000000008001b40                TIM1_UP_IRQHandler
                0x0000000008001b40                WWDG_IRQHandler
                0x0000000008001b40                TIM2_IRQHandler
                0x0000000008001b40                TIM1_BRK_IRQHandler
                0x0000000008001b40                EXTI1_IRQHandler
                0x0000000008001b40                DMA2_Channel4_5_IRQHandler
                0x0000000008001b40                USART2_IRQHandler
                0x0000000008001b40                I2C2_ER_IRQHandler
                0x0000000008001b40                DMA1_Channel2_IRQHandler
                0x0000000008001b40                TIM8_BRK_IRQHandler
                0x0000000008001b40                CAN1_SCE_IRQHandler
                0x0000000008001b40                FLASH_IRQHandler
                0x0000000008001b40                USART1_IRQHandler
                0x0000000008001b40                SPI3_IRQHandler
                0x0000000008001b40                I2C1_ER_IRQHandler
                0x0000000008001b40                USBWakeUp_IRQHandler
                0x0000000008001b40                RTC_Alarm_IRQHandler
 *fill*         0x0000000008001b42        0x2 
 .text.HAL_InitTick
                0x0000000008001b44       0x4c CMakeFiles/QEA.elf.dir/Drivers/STM32F1xx_HAL_Driver/Src/stm32f1xx_hal.c.obj
                0x0000000008001b44                HAL_InitTick
 .text.HAL_Init
                0x0000000008001b90       0x24 CMakeFiles/QEA.elf.dir/Drivers/STM32F1xx_HAL_Driver/Src/stm32f1xx_hal.c.obj
                0x0000000008001b90                HAL_Init
 .text.HAL_IncTick
                0x0000000008001bb4       0x18 CMakeFiles/QEA.elf.dir/Drivers/STM32F1xx_HAL_Driver/Src/stm32f1xx_hal.c.obj
                0x0000000008001bb4                HAL_IncTick
 .text.HAL_GetTick
                0x0000000008001bcc        0xc CMakeFiles/QEA.elf.dir/Drivers/STM32F1xx_HAL_Driver/Src/stm32f1xx_hal.c.obj
                0x0000000008001bcc                HAL_GetTick
 .text.HAL_Delay
                0x0000000008001bd8       0x28 CMakeFiles/QEA.elf.dir/Drivers/STM32F1xx_HAL_Driver/Src/stm32f1xx_hal.c.obj
                0x0000000008001bd8                HAL_Delay
 .text.HAL_NVIC_SetPriorityGrouping
                0x0000000008001c00       0x24 CMakeFiles/QEA.elf.dir/Drivers/STM32F1xx_HAL_Driver/Src/stm32f1xx_hal_cortex.c.obj
                0x0000000008001c00                HAL_NVIC_SetPriorityGrouping
 .text.HAL_NVIC_SetPriority
                0x0000000008001c24       0x70 CMakeFiles/QEA.elf.dir/Drivers/STM32F1xx_HAL_Driver/Src/stm32f1xx_hal_cortex.c.obj
                0x0000000008001c24                HAL_NVIC_SetPriority
 .text.HAL_NVIC_EnableIRQ
                0x0000000008001c94       0x1c CMakeFiles/QEA.elf.dir/Drivers/STM32F1xx_HAL_Driver/Src/stm32f1xx_hal_cortex.c.obj
                0x0000000008001c94                HAL_NVIC_EnableIRQ
 .text.HAL_SYSTICK_Config
                0x0000000008001cb0       0x28 CMakeFiles/QEA.elf.dir/Drivers/STM32F1xx_HAL_Driver/Src/stm32f1xx_hal_cortex.c.obj
                0x0000000008001cb0                HAL_SYSTICK_Config
 .text.HAL_GPIO_Init
                0x0000000008001cd8      0x240 CMakeFiles/QEA.elf.dir/Drivers/STM32F1xx_HAL_Driver/Src/stm32f1xx_hal_gpio.c.obj
                0x0000000008001cd8                HAL_GPIO_Init
 .text.HAL_GPIO_WritePin
                0x0000000008001f18        0xc CMakeFiles/QEA.elf.dir/Drivers/STM32F1xx_HAL_Driver/Src/stm32f1xx_hal_gpio.c.obj
                0x0000000008001f18                HAL_GPIO_WritePin
 .text.RCC_Delay
                0x0000000008001f24       0x2c CMakeFiles/QEA.elf.dir/Drivers/STM32F1xx_HAL_Driver/Src/stm32f1xx_hal_rcc.c.obj
 .text.HAL_RCC_OscConfig
                0x0000000008001f50      0x410 CMakeFiles/QEA.elf.dir/Drivers/STM32F1xx_HAL_Driver/Src/stm32f1xx_hal_rcc.c.obj
                0x0000000008001f50                HAL_RCC_OscConfig
 .text.HAL_RCC_GetSysClockFreq
                0x0000000008002360       0x70 CMakeFiles/QEA.elf.dir/Drivers/STM32F1xx_HAL_Driver/Src/stm32f1xx_hal_rcc.c.obj
                0x0000000008002360                HAL_RCC_GetSysClockFreq
 .text.HAL_RCC_ClockConfig
                0x00000000080023d0      0x16c CMakeFiles/QEA.elf.dir/Drivers/STM32F1xx_HAL_Driver/Src/stm32f1xx_hal_rcc.c.obj
                0x00000000080023d0                HAL_RCC_ClockConfig
 .text.HAL_RCC_GetHCLKFreq
                0x000000000800253c        0xc CMakeFiles/QEA.elf.dir/Drivers/STM32F1xx_HAL_Driver/Src/stm32f1xx_hal_rcc.c.obj
                0x000000000800253c                HAL_RCC_GetHCLKFreq
 .text.HAL_RCC_GetPCLK1Freq
                0x0000000008002548       0x20 CMakeFiles/QEA.elf.dir/Drivers/STM32F1xx_HAL_Driver/Src/stm32f1xx_hal_rcc.c.obj
                0x0000000008002548                HAL_RCC_GetPCLK1Freq
 .text.HAL_RCC_GetPCLK2Freq
                0x0000000008002568       0x20 CMakeFiles/QEA.elf.dir/Drivers/STM32F1xx_HAL_Driver/Src/stm32f1xx_hal_rcc.c.obj
                0x0000000008002568                HAL_RCC_GetPCLK2Freq
 .text.TIM_OC1_SetConfig
                0x0000000008002588       0x68 CMakeFiles/QEA.elf.dir/Drivers/STM32F1xx_HAL_Driver/Src/stm32f1xx_hal_tim.c.obj
 .text.TIM_OC3_SetConfig
                0x00000000080025f0       0x70 CMakeFiles/QEA.elf.dir/Drivers/STM32F1xx_HAL_Driver/Src/stm32f1xx_hal_tim.c.obj
 .text.TIM_OC4_SetConfig
                0x0000000008002660       0x50 CMakeFiles/QEA.elf.dir/Drivers/STM32F1xx_HAL_Driver/Src/stm32f1xx_hal_tim.c.obj
 .text.TIM_TI1_ConfigInputStage
                0x00000000080026b0       0x24 CMakeFiles/QEA.elf.dir/Drivers/STM32F1xx_HAL_Driver/Src/stm32f1xx_hal_tim.c.obj
 .text.TIM_TI2_ConfigInputStage
                0x00000000080026d4       0x26 CMakeFiles/QEA.elf.dir/Drivers/STM32F1xx_HAL_Driver/Src/stm32f1xx_hal_tim.c.obj
 .text.TIM_ITRx_SetConfig
                0x00000000080026fa       0x10 CMakeFiles/QEA.elf.dir/Drivers/STM32F1xx_HAL_Driver/Src/stm32f1xx_hal_tim.c.obj
 *fill*         0x000000000800270a        0x2 
 .text.HAL_TIM_Base_Start_IT
                0x000000000800270c       0x78 CMakeFiles/QEA.elf.dir/Drivers/STM32F1xx_HAL_Driver/Src/stm32f1xx_hal_tim.c.obj
                0x000000000800270c                HAL_TIM_Base_Start_IT
 .text.HAL_TIM_PWM_MspInit
                0x0000000008002784        0x2 CMakeFiles/QEA.elf.dir/Drivers/STM32F1xx_HAL_Driver/Src/stm32f1xx_hal_tim.c.obj
                0x0000000008002784                HAL_TIM_PWM_MspInit
 .text.HAL_TIM_OC_DelayElapsedCallback
                0x0000000008002786        0x2 CMakeFiles/QEA.elf.dir/Drivers/STM32F1xx_HAL_Driver/Src/stm32f1xx_hal_tim.c.obj
                0x0000000008002786                HAL_TIM_OC_DelayElapsedCallback
 .text.HAL_TIM_IC_CaptureCallback
                0x0000000008002788        0x2 CMakeFiles/QEA.elf.dir/Drivers/STM32F1xx_HAL_Driver/Src/stm32f1xx_hal_tim.c.obj
                0x0000000008002788                HAL_TIM_IC_CaptureCallback
 .text.HAL_TIM_PWM_PulseFinishedCallback
                0x000000000800278a        0x2 CMakeFiles/QEA.elf.dir/Drivers/STM32F1xx_HAL_Driver/Src/stm32f1xx_hal_tim.c.obj
                0x000000000800278a                HAL_TIM_PWM_PulseFinishedCallback
 .text.HAL_TIM_TriggerCallback
                0x000000000800278c        0x2 CMakeFiles/QEA.elf.dir/Drivers/STM32F1xx_HAL_Driver/Src/stm32f1xx_hal_tim.c.obj
                0x000000000800278c                HAL_TIM_TriggerCallback
 .text.HAL_TIM_IRQHandler
                0x000000000800278e      0x17a CMakeFiles/QEA.elf.dir/Drivers/STM32F1xx_HAL_Driver/Src/stm32f1xx_hal_tim.c.obj
                0x000000000800278e                HAL_TIM_IRQHandler
 .text.TIM_Base_SetConfig
                0x0000000008002908       0x98 CMakeFiles/QEA.elf.dir/Drivers/STM32F1xx_HAL_Driver/Src/stm32f1xx_hal_tim.c.obj
                0x0000000008002908                TIM_Base_SetConfig
 .text.HAL_TIM_Base_Init
                0x00000000080029a0       0x58 CMakeFiles/QEA.elf.dir/Drivers/STM32F1xx_HAL_Driver/Src/stm32f1xx_hal_tim.c.obj
                0x00000000080029a0                HAL_TIM_Base_Init
 .text.HAL_TIM_PWM_Init
                0x00000000080029f8       0x58 CMakeFiles/QEA.elf.dir/Drivers/STM32F1xx_HAL_Driver/Src/stm32f1xx_hal_tim.c.obj
                0x00000000080029f8                HAL_TIM_PWM_Init
 .text.HAL_TIM_Encoder_Init
                0x0000000008002a50       0xb8 CMakeFiles/QEA.elf.dir/Drivers/STM32F1xx_HAL_Driver/Src/stm32f1xx_hal_tim.c.obj
                0x0000000008002a50                HAL_TIM_Encoder_Init
 .text.TIM_OC2_SetConfig
                0x0000000008002b08       0x70 CMakeFiles/QEA.elf.dir/Drivers/STM32F1xx_HAL_Driver/Src/stm32f1xx_hal_tim.c.obj
                0x0000000008002b08                TIM_OC2_SetConfig
 .text.HAL_TIM_PWM_ConfigChannel
                0x0000000008002b78       0xd0 CMakeFiles/QEA.elf.dir/Drivers/STM32F1xx_HAL_Driver/Src/stm32f1xx_hal_tim.c.obj
                0x0000000008002b78                HAL_TIM_PWM_ConfigChannel
 .text.TIM_ETR_SetConfig
                0x0000000008002c48       0x18 CMakeFiles/QEA.elf.dir/Drivers/STM32F1xx_HAL_Driver/Src/stm32f1xx_hal_tim.c.obj
                0x0000000008002c48                TIM_ETR_SetConfig
 .text.HAL_TIM_ConfigClockSource
                0x0000000008002c60       0xda CMakeFiles/QEA.elf.dir/Drivers/STM32F1xx_HAL_Driver/Src/stm32f1xx_hal_tim.c.obj
                0x0000000008002c60                HAL_TIM_ConfigClockSource
 .text.TIM_CCxChannelCmd
                0x0000000008002d3a       0x1e CMakeFiles/QEA.elf.dir/Drivers/STM32F1xx_HAL_Driver/Src/stm32f1xx_hal_tim.c.obj
                0x0000000008002d3a                TIM_CCxChannelCmd
 .text.HAL_TIM_PWM_Start
                0x0000000008002d58       0xf4 CMakeFiles/QEA.elf.dir/Drivers/STM32F1xx_HAL_Driver/Src/stm32f1xx_hal_tim.c.obj
                0x0000000008002d58                HAL_TIM_PWM_Start
 .text.HAL_TIM_Encoder_Start
                0x0000000008002e4c       0xcc CMakeFiles/QEA.elf.dir/Drivers/STM32F1xx_HAL_Driver/Src/stm32f1xx_hal_tim.c.obj
                0x0000000008002e4c                HAL_TIM_Encoder_Start
 .text.HAL_TIMEx_MasterConfigSynchronization
                0x0000000008002f18       0x7c CMakeFiles/QEA.elf.dir/Drivers/STM32F1xx_HAL_Driver/Src/stm32f1xx_hal_tim_ex.c.obj
                0x0000000008002f18                HAL_TIMEx_MasterConfigSynchronization
 .text.HAL_TIMEx_CommutCallback
                0x0000000008002f94        0x2 CMakeFiles/QEA.elf.dir/Drivers/STM32F1xx_HAL_Driver/Src/stm32f1xx_hal_tim_ex.c.obj
                0x0000000008002f94                HAL_TIMEx_CommutCallback
 .text.HAL_TIMEx_BreakCallback
                0x0000000008002f96        0x2 CMakeFiles/QEA.elf.dir/Drivers/STM32F1xx_HAL_Driver/Src/stm32f1xx_hal_tim_ex.c.obj
                0x0000000008002f96                HAL_TIMEx_BreakCallback
 .text.UART_SetConfig
                0x0000000008002f98       0x94 CMakeFiles/QEA.elf.dir/Drivers/STM32F1xx_HAL_Driver/Src/stm32f1xx_hal_uart.c.obj
 .text.HAL_UART_Init
                0x000000000800302c       0x5e CMakeFiles/QEA.elf.dir/Drivers/STM32F1xx_HAL_Driver/Src/stm32f1xx_hal_uart.c.obj
                0x000000000800302c                HAL_UART_Init
 *fill*         0x000000000800308a        0x2 
 .text.__errno  0x000000000800308c        0xc /Applications/ARM/bin/../lib/gcc/arm-none-eabi/10.3.1/../../../../arm-none-eabi/lib/thumb/v7-m/nofp/libg.a(lib_a-errno.o)
                0x000000000800308c                __errno
 .text.__libc_init_array
                0x0000000008003098       0x48 /Applications/ARM/bin/../lib/gcc/arm-none-eabi/10.3.1/../../../../arm-none-eabi/lib/thumb/v7-m/nofp/libg.a(lib_a-init.o)
                0x0000000008003098                __libc_init_array
 .text.memset   0x00000000080030e0       0xa4 /Applications/ARM/bin/../lib/gcc/arm-none-eabi/10.3.1/../../../../arm-none-eabi/lib/thumb/v7-m/nofp/libg.a(lib_a-memset.o)
                0x00000000080030e0                memset
 .text.startup.register_fini
                0x0000000008003184       0x14 /Applications/ARM/bin/../lib/gcc/arm-none-eabi/10.3.1/../../../../arm-none-eabi/lib/thumb/v7-m/nofp/libg.a(lib_a-__call_atexit.o)
 .text.atexit   0x0000000008003198        0xc /Applications/ARM/bin/../lib/gcc/arm-none-eabi/10.3.1/../../../../arm-none-eabi/lib/thumb/v7-m/nofp/libg.a(lib_a-atexit.o)
                0x0000000008003198                atexit
 .text.__libc_fini_array
                0x00000000080031a4       0x2c /Applications/ARM/bin/../lib/gcc/arm-none-eabi/10.3.1/../../../../arm-none-eabi/lib/thumb/v7-m/nofp/libg.a(lib_a-fini.o)
                0x00000000080031a4                __libc_fini_array
 .text.__retarget_lock_acquire_recursive
                0x00000000080031d0        0x4 /Applications/ARM/bin/../lib/gcc/arm-none-eabi/10.3.1/../../../../arm-none-eabi/lib/thumb/v7-m/nofp/libg.a(lib_a-lock.o)
                0x00000000080031d0                __retarget_lock_acquire_recursive
 .text.__retarget_lock_release_recursive
                0x00000000080031d4        0x4 /Applications/ARM/bin/../lib/gcc/arm-none-eabi/10.3.1/../../../../arm-none-eabi/lib/thumb/v7-m/nofp/libg.a(lib_a-lock.o)
                0x00000000080031d4                __retarget_lock_release_recursive
 .text.__register_exitproc
                0x00000000080031d8       0x8c /Applications/ARM/bin/../lib/gcc/arm-none-eabi/10.3.1/../../../../arm-none-eabi/lib/thumb/v7-m/nofp/libg.a(lib_a-__atexit.o)
                0x00000000080031d8                __register_exitproc
 *fill*         0x0000000008003264        0x4 
 .text.atan     0x0000000008003268      0x31c /Applications/ARM/bin/../lib/gcc/arm-none-eabi/10.3.1/../../../../arm-none-eabi/lib/thumb/v7-m/nofp/libm.a(lib_a-s_atan.o)
                0x0000000008003268                atan
 .text.fabs     0x0000000008003584        0x8 /Applications/ARM/bin/../lib/gcc/arm-none-eabi/10.3.1/../../../../arm-none-eabi/lib/thumb/v7-m/nofp/libm.a(lib_a-s_fabs.o)
                0x0000000008003584                fabs
 .text.pow      0x000000000800358c       0xdc /Applications/ARM/bin/../lib/gcc/arm-none-eabi/10.3.1/../../../../arm-none-eabi/lib/thumb/v7-m/nofp/libm.a(lib_a-w_pow.o)
                0x000000000800358c                pow
 .text.sqrt     0x0000000008003668       0x50 /Applications/ARM/bin/../lib/gcc/arm-none-eabi/10.3.1/../../../../arm-none-eabi/lib/thumb/v7-m/nofp/libm.a(lib_a-w_sqrt.o)
                0x0000000008003668                sqrt
 .text.__ieee754_pow
                0x00000000080036b8      0xb08 /Applications/ARM/bin/../lib/gcc/arm-none-eabi/10.3.1/../../../../arm-none-eabi/lib/thumb/v7-m/nofp/libm.a(lib_a-e_pow.o)
                0x00000000080036b8                __ieee754_pow
 .text.__ieee754_sqrt
                0x00000000080041c0      0x18c /Applications/ARM/bin/../lib/gcc/arm-none-eabi/10.3.1/../../../../arm-none-eabi/lib/thumb/v7-m/nofp/libm.a(lib_a-e_sqrt.o)
                0x00000000080041c0                __ieee754_sqrt
 .text.with_errno
                0x000000000800434c       0x18 /Applications/ARM/bin/../lib/gcc/arm-none-eabi/10.3.1/../../../../arm-none-eabi/lib/thumb/v7-m/nofp/libm.a(lib_a-math_err.o)
 .text.xflow    0x0000000008004364       0x30 /Applications/ARM/bin/../lib/gcc/arm-none-eabi/10.3.1/../../../../arm-none-eabi/lib/thumb/v7-m/nofp/libm.a(lib_a-math_err.o)
 .text.__math_uflow
                0x0000000008004394        0xc /Applications/ARM/bin/../lib/gcc/arm-none-eabi/10.3.1/../../../../arm-none-eabi/lib/thumb/v7-m/nofp/libm.a(lib_a-math_err.o)
                0x0000000008004394                __math_uflow
 .text.__math_oflow
                0x00000000080043a0        0xc /Applications/ARM/bin/../lib/gcc/arm-none-eabi/10.3.1/../../../../arm-none-eabi/lib/thumb/v7-m/nofp/libm.a(lib_a-math_err.o)
                0x00000000080043a0                __math_oflow
 .text.finite   0x00000000080043ac        0xc /Applications/ARM/bin/../lib/gcc/arm-none-eabi/10.3.1/../../../../arm-none-eabi/lib/thumb/v7-m/nofp/libm.a(lib_a-s_finite.o)
                0x00000000080043ac                finite
 .text.scalbn   0x00000000080043b8       0xfc /Applications/ARM/bin/../lib/gcc/arm-none-eabi/10.3.1/../../../../arm-none-eabi/lib/thumb/v7-m/nofp/libm.a(lib_a-s_scalbn.o)
                0x00000000080043b8                scalbn
 *(.glue_7)
 .glue_7        0x00000000080044b4        0x0 linker stubs
 *(.glue_7t)
 .glue_7t       0x00000000080044b4        0x0 linker stubs
 *(.eh_frame)
 .eh_frame      0x00000000080044b4        0x0 /Applications/ARM/bin/../lib/gcc/arm-none-eabi/10.3.1/thumb/v7-m/nofp/crtbegin.o
 *(.init)
 .init          0x00000000080044b4        0x4 /Applications/ARM/bin/../lib/gcc/arm-none-eabi/10.3.1/thumb/v7-m/nofp/crti.o
                0x00000000080044b4                _init
 .init          0x00000000080044b8        0x8 /Applications/ARM/bin/../lib/gcc/arm-none-eabi/10.3.1/thumb/v7-m/nofp/crtn.o
 *(.fini)
 .fini          0x00000000080044c0        0x4 /Applications/ARM/bin/../lib/gcc/arm-none-eabi/10.3.1/thumb/v7-m/nofp/crti.o
                0x00000000080044c0                _fini
 .fini          0x00000000080044c4        0x8 /Applications/ARM/bin/../lib/gcc/arm-none-eabi/10.3.1/thumb/v7-m/nofp/crtn.o
                0x00000000080044cc                . = ALIGN (0x4)
                0x00000000080044cc                _etext = .

.vfp11_veneer   0x00000000080044cc        0x0
 .vfp11_veneer  0x00000000080044cc        0x0 linker stubs

.v4_bx          0x00000000080044cc        0x0
 .v4_bx         0x00000000080044cc        0x0 linker stubs

.iplt           0x00000000080044cc        0x0
 .iplt          0x00000000080044cc        0x0 /Applications/ARM/bin/../lib/gcc/arm-none-eabi/10.3.1/thumb/v7-m/nofp/crtbegin.o

.rodata         0x00000000080044d0      0x1b0
                0x00000000080044d0                . = ALIGN (0x4)
 *(.rodata)
 .rodata        0x00000000080044d0      0x140 CMakeFiles/QEA.elf.dir/Core/Src/main.c.obj
 *(.rodata*)
 .rodata.AHBPrescTable
                0x0000000008004610       0x10 CMakeFiles/QEA.elf.dir/Core/Src/system_stm32f1xx.c.obj
                0x0000000008004610                AHBPrescTable
 .rodata.APBPrescTable
                0x0000000008004620        0x8 CMakeFiles/QEA.elf.dir/Core/Src/system_stm32f1xx.c.obj
                0x0000000008004620                APBPrescTable
 .rodata.HAL_RCC_GetSysClockFreq.str1.4
                0x0000000008004628       0x11 CMakeFiles/QEA.elf.dir/Drivers/STM32F1xx_HAL_Driver/Src/stm32f1xx_hal_rcc.c.obj
 *fill*         0x0000000008004639        0x3 
 .rodata._global_impure_ptr
                0x000000000800463c        0x4 /Applications/ARM/bin/../lib/gcc/arm-none-eabi/10.3.1/../../../../arm-none-eabi/lib/thumb/v7-m/nofp/libg.a(lib_a-impure.o)
                0x000000000800463c                _global_impure_ptr
 .rodata.atanhi
                0x0000000008004640       0x20 /Applications/ARM/bin/../lib/gcc/arm-none-eabi/10.3.1/../../../../arm-none-eabi/lib/thumb/v7-m/nofp/libm.a(lib_a-s_atan.o)
 .rodata.atanlo
                0x0000000008004660       0x20 /Applications/ARM/bin/../lib/gcc/arm-none-eabi/10.3.1/../../../../arm-none-eabi/lib/thumb/v7-m/nofp/libm.a(lib_a-s_atan.o)
                0x0000000008004680                . = ALIGN (0x4)

.rel.dyn        0x0000000008004680        0x0
 .rel.iplt      0x0000000008004680        0x0 /Applications/ARM/bin/../lib/gcc/arm-none-eabi/10.3.1/thumb/v7-m/nofp/crtbegin.o

.ARM.extab      0x0000000008004680        0x0
                0x0000000008004680                . = ALIGN (0x4)
 *(.ARM.extab* .gnu.linkonce.armextab.*)
                0x0000000008004680                . = ALIGN (0x4)

.ARM            0x0000000008004680        0x0
                0x0000000008004680                . = ALIGN (0x4)
                0x0000000008004680                __exidx_start = .
 *(.ARM.exidx*)
                0x0000000008004680                __exidx_end = .
                0x0000000008004680                . = ALIGN (0x4)

.preinit_array  0x0000000008004680        0x0
                0x0000000008004680                . = ALIGN (0x4)
                0x0000000008004680                PROVIDE (__preinit_array_start = .)
 *(.preinit_array*)
                0x0000000008004680                PROVIDE (__preinit_array_end = .)
                0x0000000008004680                . = ALIGN (0x4)

.init_array     0x0000000008004680        0x8
                0x0000000008004680                . = ALIGN (0x4)
                0x0000000008004680                PROVIDE (__init_array_start = .)
 *(SORT_BY_NAME(.init_array.*))
 .init_array.00000
                0x0000000008004680        0x4 /Applications/ARM/bin/../lib/gcc/arm-none-eabi/10.3.1/../../../../arm-none-eabi/lib/thumb/v7-m/nofp/libg.a(lib_a-__call_atexit.o)
 *(.init_array*)
 .init_array    0x0000000008004684        0x4 /Applications/ARM/bin/../lib/gcc/arm-none-eabi/10.3.1/thumb/v7-m/nofp/crtbegin.o
                0x0000000008004688                PROVIDE (__init_array_end = .)
                0x0000000008004688                . = ALIGN (0x4)

.fini_array     0x0000000008004688        0x4
                0x0000000008004688                . = ALIGN (0x4)
                0x0000000008004688                PROVIDE (__fini_array_start = .)
 *(SORT_BY_NAME(.fini_array.*))
 *(.fini_array*)
 .fini_array    0x0000000008004688        0x4 /Applications/ARM/bin/../lib/gcc/arm-none-eabi/10.3.1/thumb/v7-m/nofp/crtbegin.o
                0x000000000800468c                PROVIDE (__fini_array_end = .)
                0x000000000800468c                . = ALIGN (0x4)
                0x000000000800468c                _sidata = LOADADDR (.data)

.data           0x0000000020000000      0x43c load address 0x000000000800468c
                0x0000000020000000                . = ALIGN (0x4)
                0x0000000020000000                _sdata = .
 *(.data)
 *(.data*)
 .data.SystemCoreClock
                0x0000000020000000        0x4 CMakeFiles/QEA.elf.dir/Core/Src/system_stm32f1xx.c.obj
                0x0000000020000000                SystemCoreClock
 .data.uwTickFreq
                0x0000000020000004        0x1 CMakeFiles/QEA.elf.dir/Drivers/STM32F1xx_HAL_Driver/Src/stm32f1xx_hal.c.obj
                0x0000000020000004                uwTickFreq
 *fill*         0x0000000020000005        0x3 
 .data.uwTickPrio
                0x0000000020000008        0x4 CMakeFiles/QEA.elf.dir/Drivers/STM32F1xx_HAL_Driver/Src/stm32f1xx_hal.c.obj
                0x0000000020000008                uwTickPrio
 .data._impure_ptr
                0x000000002000000c        0x4 /Applications/ARM/bin/../lib/gcc/arm-none-eabi/10.3.1/../../../../arm-none-eabi/lib/thumb/v7-m/nofp/libg.a(lib_a-impure.o)
                0x000000002000000c                _impure_ptr
 .data.impure_data
                0x0000000020000010      0x428 /Applications/ARM/bin/../lib/gcc/arm-none-eabi/10.3.1/../../../../arm-none-eabi/lib/thumb/v7-m/nofp/libg.a(lib_a-impure.o)
 .data.__atexit_recursive_mutex
                0x0000000020000438        0x4 /Applications/ARM/bin/../lib/gcc/arm-none-eabi/10.3.1/../../../../arm-none-eabi/lib/thumb/v7-m/nofp/libg.a(lib_a-__call_atexit.o)
                0x0000000020000438                __atexit_recursive_mutex
 *(.RamFunc)
 *(.RamFunc*)
                0x000000002000043c                . = ALIGN (0x4)
                0x000000002000043c                _edata = .

.igot.plt       0x000000002000043c        0x0 load address 0x0000000008004ac8
 .igot.plt      0x000000002000043c        0x0 /Applications/ARM/bin/../lib/gcc/arm-none-eabi/10.3.1/thumb/v7-m/nofp/crtbegin.o
                0x000000002000043c                . = ALIGN (0x4)

.bss            0x0000000020000440      0x274 load address 0x0000000008004ac8
                0x0000000020000440                _sbss = .
                0x0000000020000440                __bss_start__ = _sbss
 *(.bss)
 .bss           0x0000000020000440       0x1c /Applications/ARM/bin/../lib/gcc/arm-none-eabi/10.3.1/thumb/v7-m/nofp/crtbegin.o
 *(.bss*)
 *fill*         0x000000002000045c        0x4 
 .bss.robotInfo
                0x0000000020000460       0x28 CMakeFiles/QEA.elf.dir/Core/Src/main.c.obj
                0x0000000020000460                robotInfo
 .bss.wheelPWM1
                0x0000000020000488       0x60 CMakeFiles/QEA.elf.dir/Core/Src/main.c.obj
                0x0000000020000488                wheelPWM1
 .bss.wheelPWM2
                0x00000000200004e8       0x60 CMakeFiles/QEA.elf.dir/Core/Src/main.c.obj
                0x00000000200004e8                wheelPWM2
 .bss.htim3     0x0000000020000548       0x48 CMakeFiles/QEA.elf.dir/Core/Src/tim.c.obj
                0x0000000020000548                htim3
 .bss.htim4     0x0000000020000590       0x48 CMakeFiles/QEA.elf.dir/Core/Src/tim.c.obj
                0x0000000020000590                htim4
 .bss.htim6     0x00000000200005d8       0x48 CMakeFiles/QEA.elf.dir/Core/Src/tim.c.obj
                0x00000000200005d8                htim6
 .bss.htim8     0x0000000020000620       0x48 CMakeFiles/QEA.elf.dir/Core/Src/tim.c.obj
                0x0000000020000620                htim8
 .bss.huart1    0x0000000020000668       0x44 CMakeFiles/QEA.elf.dir/Core/Src/usart.c.obj
                0x0000000020000668                huart1
 .bss.uwTick    0x00000000200006ac        0x4 CMakeFiles/QEA.elf.dir/Drivers/STM32F1xx_HAL_Driver/Src/stm32f1xx_hal.c.obj
                0x00000000200006ac                uwTick
 .bss.__lock___atexit_recursive_mutex
                0x00000000200006b0        0x1 /Applications/ARM/bin/../lib/gcc/arm-none-eabi/10.3.1/../../../../arm-none-eabi/lib/thumb/v7-m/nofp/libg.a(lib_a-lock.o)
                0x00000000200006b0                __lock___atexit_recursive_mutex
 *(COMMON)
                0x00000000200006b4                . = ALIGN (0x4)
 *fill*         0x00000000200006b1        0x3 
                0x00000000200006b4                _ebss = .
                0x00000000200006b4                __bss_end__ = _ebss

._user_heap_stack
                0x00000000200006b4      0x604 load address 0x0000000008004ac8
                0x00000000200006b8                . = ALIGN (0x8)
 *fill*         0x00000000200006b4        0x4 
                [!provide]                        PROVIDE (end = .)
                0x00000000200006b8                PROVIDE (_end = .)
                0x00000000200008b8                . = (. + _Min_Heap_Size)
 *fill*         0x00000000200006b8      0x200 
                0x0000000020000cb8                . = (. + _Min_Stack_Size)
 *fill*         0x00000000200008b8      0x400 
                0x0000000020000cb8                . = ALIGN (0x8)

/DISCARD/
 libc.a(*)
 libm.a(*)
 libgcc.a(*)

.ARM.attributes
                0x0000000000000000       0x29
 *(.ARM.attributes)
 .ARM.attributes
                0x0000000000000000       0x1d /Applications/ARM/bin/../lib/gcc/arm-none-eabi/10.3.1/thumb/v7-m/nofp/crti.o
 .ARM.attributes
                0x000000000000001d       0x2d /Applications/ARM/bin/../lib/gcc/arm-none-eabi/10.3.1/thumb/v7-m/nofp/crtbegin.o
 .ARM.attributes
                0x000000000000004a       0x2d CMakeFiles/QEA.elf.dir/Core/Src/gpio.c.obj
 .ARM.attributes
                0x0000000000000077       0x2d CMakeFiles/QEA.elf.dir/Core/Src/main.c.obj
 .ARM.attributes
                0x00000000000000a4       0x2d CMakeFiles/QEA.elf.dir/Core/Src/stm32f1xx_hal_msp.c.obj
 .ARM.attributes
                0x00000000000000d1       0x2d CMakeFiles/QEA.elf.dir/Core/Src/stm32f1xx_it.c.obj
 .ARM.attributes
                0x00000000000000fe       0x2d CMakeFiles/QEA.elf.dir/Core/Src/system_stm32f1xx.c.obj
 .ARM.attributes
                0x000000000000012b       0x2d CMakeFiles/QEA.elf.dir/Core/Src/tim.c.obj
 .ARM.attributes
                0x0000000000000158       0x2d CMakeFiles/QEA.elf.dir/Core/Src/usart.c.obj
 .ARM.attributes
                0x0000000000000185       0x21 CMakeFiles/QEA.elf.dir/Core/Startup/startup_stm32f103rctx.s.obj
 .ARM.attributes
                0x00000000000001a6       0x2d CMakeFiles/QEA.elf.dir/Drivers/STM32F1xx_HAL_Driver/Src/stm32f1xx_hal.c.obj
 .ARM.attributes
                0x00000000000001d3       0x2d CMakeFiles/QEA.elf.dir/Drivers/STM32F1xx_HAL_Driver/Src/stm32f1xx_hal_cortex.c.obj
 .ARM.attributes
                0x0000000000000200       0x2d CMakeFiles/QEA.elf.dir/Drivers/STM32F1xx_HAL_Driver/Src/stm32f1xx_hal_gpio.c.obj
 .ARM.attributes
                0x000000000000022d       0x2d CMakeFiles/QEA.elf.dir/Drivers/STM32F1xx_HAL_Driver/Src/stm32f1xx_hal_rcc.c.obj
 .ARM.attributes
                0x000000000000025a       0x2d CMakeFiles/QEA.elf.dir/Drivers/STM32F1xx_HAL_Driver/Src/stm32f1xx_hal_tim.c.obj
 .ARM.attributes
                0x0000000000000287       0x2d CMakeFiles/QEA.elf.dir/Drivers/STM32F1xx_HAL_Driver/Src/stm32f1xx_hal_tim_ex.c.obj
 .ARM.attributes
                0x00000000000002b4       0x2d CMakeFiles/QEA.elf.dir/Drivers/STM32F1xx_HAL_Driver/Src/stm32f1xx_hal_uart.c.obj
 .ARM.attributes
                0x00000000000002e1       0x1d /Applications/ARM/bin/../lib/gcc/arm-none-eabi/10.3.1/thumb/v7-m/nofp/libgcc.a(_arm_addsubdf3.o)
 .ARM.attributes
                0x00000000000002fe       0x1d /Applications/ARM/bin/../lib/gcc/arm-none-eabi/10.3.1/thumb/v7-m/nofp/libgcc.a(_arm_muldivdf3.o)
 .ARM.attributes
                0x000000000000031b       0x1d /Applications/ARM/bin/../lib/gcc/arm-none-eabi/10.3.1/thumb/v7-m/nofp/libgcc.a(_arm_cmpdf2.o)
 .ARM.attributes
                0x0000000000000338       0x1d /Applications/ARM/bin/../lib/gcc/arm-none-eabi/10.3.1/thumb/v7-m/nofp/libgcc.a(_arm_fixunsdfsi.o)
 .ARM.attributes
                0x0000000000000355       0x2d /Applications/ARM/bin/../lib/gcc/arm-none-eabi/10.3.1/../../../../arm-none-eabi/lib/thumb/v7-m/nofp/libg.a(lib_a-errno.o)
 .ARM.attributes
                0x0000000000000382       0x2d /Applications/ARM/bin/../lib/gcc/arm-none-eabi/10.3.1/../../../../arm-none-eabi/lib/thumb/v7-m/nofp/libg.a(lib_a-impure.o)
 .ARM.attributes
                0x00000000000003af       0x2d /Applications/ARM/bin/../lib/gcc/arm-none-eabi/10.3.1/../../../../arm-none-eabi/lib/thumb/v7-m/nofp/libg.a(lib_a-init.o)
 .ARM.attributes
                0x00000000000003dc       0x1b /Applications/ARM/bin/../lib/gcc/arm-none-eabi/10.3.1/../../../../arm-none-eabi/lib/thumb/v7-m/nofp/libg.a(lib_a-memcpy.o)
 .ARM.attributes
                0x00000000000003f7       0x2d /Applications/ARM/bin/../lib/gcc/arm-none-eabi/10.3.1/../../../../arm-none-eabi/lib/thumb/v7-m/nofp/libg.a(lib_a-memset.o)
 .ARM.attributes
                0x0000000000000424       0x2d /Applications/ARM/bin/../lib/gcc/arm-none-eabi/10.3.1/../../../../arm-none-eabi/lib/thumb/v7-m/nofp/libg.a(lib_a-__call_atexit.o)
 .ARM.attributes
                0x0000000000000451       0x2d /Applications/ARM/bin/../lib/gcc/arm-none-eabi/10.3.1/../../../../arm-none-eabi/lib/thumb/v7-m/nofp/libg.a(lib_a-atexit.o)
 .ARM.attributes
                0x000000000000047e       0x2d /Applications/ARM/bin/../lib/gcc/arm-none-eabi/10.3.1/../../../../arm-none-eabi/lib/thumb/v7-m/nofp/libg.a(lib_a-fini.o)
 .ARM.attributes
                0x00000000000004ab       0x2d /Applications/ARM/bin/../lib/gcc/arm-none-eabi/10.3.1/../../../../arm-none-eabi/lib/thumb/v7-m/nofp/libg.a(lib_a-lock.o)
 .ARM.attributes
                0x00000000000004d8       0x2d /Applications/ARM/bin/../lib/gcc/arm-none-eabi/10.3.1/../../../../arm-none-eabi/lib/thumb/v7-m/nofp/libg.a(lib_a-__atexit.o)
 .ARM.attributes
                0x0000000000000505       0x1d /Applications/ARM/bin/../lib/gcc/arm-none-eabi/10.3.1/thumb/v7-m/nofp/crtn.o
OUTPUT(QEA.elf elf32-littlearm)
LOAD linker stubs
LOAD /Applications/ARM/bin/../lib/gcc/arm-none-eabi/10.3.1/../../../../arm-none-eabi/lib/thumb/v7-m/nofp/libc.a
LOAD /Applications/ARM/bin/../lib/gcc/arm-none-eabi/10.3.1/../../../../arm-none-eabi/lib/thumb/v7-m/nofp/libm.a
LOAD /Applications/ARM/bin/../lib/gcc/arm-none-eabi/10.3.1/thumb/v7-m/nofp/libgcc.a

.debug_info     0x0000000000000000     0xd6d4
 .debug_info    0x0000000000000000      0x3a1 CMakeFiles/QEA.elf.dir/Core/Src/gpio.c.obj
 .debug_info    0x00000000000003a1     0x1599 CMakeFiles/QEA.elf.dir/Core/Src/main.c.obj
 .debug_info    0x000000000000193a      0x211 CMakeFiles/QEA.elf.dir/Core/Src/stm32f1xx_hal_msp.c.obj
 .debug_info    0x0000000000001b4b      0x6fa CMakeFiles/QEA.elf.dir/Core/Src/stm32f1xx_it.c.obj
 .debug_info    0x0000000000002245      0x248 CMakeFiles/QEA.elf.dir/Core/Src/system_stm32f1xx.c.obj
 .debug_info    0x000000000000248d     0x11e7 CMakeFiles/QEA.elf.dir/Core/Src/tim.c.obj
 .debug_info    0x0000000000003674      0x827 CMakeFiles/QEA.elf.dir/Core/Src/usart.c.obj
 .debug_info    0x0000000000003e9b       0x22 CMakeFiles/QEA.elf.dir/Core/Startup/startup_stm32f103rctx.s.obj
 .debug_info    0x0000000000003ebd      0x80e CMakeFiles/QEA.elf.dir/Drivers/STM32F1xx_HAL_Driver/Src/stm32f1xx_hal.c.obj
 .debug_info    0x00000000000046cb      0xdf0 CMakeFiles/QEA.elf.dir/Drivers/STM32F1xx_HAL_Driver/Src/stm32f1xx_hal_cortex.c.obj
 .debug_info    0x00000000000054bb      0x66f CMakeFiles/QEA.elf.dir/Drivers/STM32F1xx_HAL_Driver/Src/stm32f1xx_hal_gpio.c.obj
 .debug_info    0x0000000000005b2a      0xa36 CMakeFiles/QEA.elf.dir/Drivers/STM32F1xx_HAL_Driver/Src/stm32f1xx_hal_rcc.c.obj
 .debug_info    0x0000000000006560     0x3b00 CMakeFiles/QEA.elf.dir/Drivers/STM32F1xx_HAL_Driver/Src/stm32f1xx_hal_tim.c.obj
 .debug_info    0x000000000000a060     0x19e9 CMakeFiles/QEA.elf.dir/Drivers/STM32F1xx_HAL_Driver/Src/stm32f1xx_hal_tim_ex.c.obj
 .debug_info    0x000000000000ba49     0x1c8b CMakeFiles/QEA.elf.dir/Drivers/STM32F1xx_HAL_Driver/Src/stm32f1xx_hal_uart.c.obj

.debug_abbrev   0x0000000000000000     0x1c95
 .debug_abbrev  0x0000000000000000      0x13c CMakeFiles/QEA.elf.dir/Core/Src/gpio.c.obj
 .debug_abbrev  0x000000000000013c      0x341 CMakeFiles/QEA.elf.dir/Core/Src/main.c.obj
 .debug_abbrev  0x000000000000047d       0xe5 CMakeFiles/QEA.elf.dir/Core/Src/stm32f1xx_hal_msp.c.obj
 .debug_abbrev  0x0000000000000562      0x179 CMakeFiles/QEA.elf.dir/Core/Src/stm32f1xx_it.c.obj
 .debug_abbrev  0x00000000000006db      0x13e CMakeFiles/QEA.elf.dir/Core/Src/system_stm32f1xx.c.obj
 .debug_abbrev  0x0000000000000819      0x241 CMakeFiles/QEA.elf.dir/Core/Src/tim.c.obj
 .debug_abbrev  0x0000000000000a5a      0x1c1 CMakeFiles/QEA.elf.dir/Core/Src/usart.c.obj
 .debug_abbrev  0x0000000000000c1b       0x12 CMakeFiles/QEA.elf.dir/Core/Startup/startup_stm32f103rctx.s.obj
 .debug_abbrev  0x0000000000000c2d      0x1f4 CMakeFiles/QEA.elf.dir/Drivers/STM32F1xx_HAL_Driver/Src/stm32f1xx_hal.c.obj
 .debug_abbrev  0x0000000000000e21      0x341 CMakeFiles/QEA.elf.dir/Drivers/STM32F1xx_HAL_Driver/Src/stm32f1xx_hal_cortex.c.obj
 .debug_abbrev  0x0000000000001162      0x1e6 CMakeFiles/QEA.elf.dir/Drivers/STM32F1xx_HAL_Driver/Src/stm32f1xx_hal_gpio.c.obj
 .debug_abbrev  0x0000000000001348      0x27a CMakeFiles/QEA.elf.dir/Drivers/STM32F1xx_HAL_Driver/Src/stm32f1xx_hal_rcc.c.obj
 .debug_abbrev  0x00000000000015c2      0x23e CMakeFiles/QEA.elf.dir/Drivers/STM32F1xx_HAL_Driver/Src/stm32f1xx_hal_tim.c.obj
 .debug_abbrev  0x0000000000001800      0x241 CMakeFiles/QEA.elf.dir/Drivers/STM32F1xx_HAL_Driver/Src/stm32f1xx_hal_tim_ex.c.obj
 .debug_abbrev  0x0000000000001a41      0x254 CMakeFiles/QEA.elf.dir/Drivers/STM32F1xx_HAL_Driver/Src/stm32f1xx_hal_uart.c.obj

.debug_aranges  0x0000000000000000      0xbd8
 .debug_aranges
                0x0000000000000000       0x20 CMakeFiles/QEA.elf.dir/Core/Src/gpio.c.obj
 .debug_aranges
                0x0000000000000020       0xc0 CMakeFiles/QEA.elf.dir/Core/Src/main.c.obj
 .debug_aranges
                0x00000000000000e0       0x20 CMakeFiles/QEA.elf.dir/Core/Src/stm32f1xx_hal_msp.c.obj
 .debug_aranges
                0x0000000000000100       0x68 CMakeFiles/QEA.elf.dir/Core/Src/stm32f1xx_it.c.obj
 .debug_aranges
                0x0000000000000168       0x28 CMakeFiles/QEA.elf.dir/Core/Src/system_stm32f1xx.c.obj
 .debug_aranges
                0x0000000000000190       0x60 CMakeFiles/QEA.elf.dir/Core/Src/tim.c.obj
 .debug_aranges
                0x00000000000001f0       0x30 CMakeFiles/QEA.elf.dir/Core/Src/usart.c.obj
 .debug_aranges
                0x0000000000000220       0x28 CMakeFiles/QEA.elf.dir/Core/Startup/startup_stm32f103rctx.s.obj
 .debug_aranges
                0x0000000000000248       0xe0 CMakeFiles/QEA.elf.dir/Drivers/STM32F1xx_HAL_Driver/Src/stm32f1xx_hal.c.obj
 .debug_aranges
                0x0000000000000328       0x90 CMakeFiles/QEA.elf.dir/Drivers/STM32F1xx_HAL_Driver/Src/stm32f1xx_hal_cortex.c.obj
 .debug_aranges
                0x00000000000003b8       0x58 CMakeFiles/QEA.elf.dir/Drivers/STM32F1xx_HAL_Driver/Src/stm32f1xx_hal_gpio.c.obj
 .debug_aranges
                0x0000000000000410       0x90 CMakeFiles/QEA.elf.dir/Drivers/STM32F1xx_HAL_Driver/Src/stm32f1xx_hal_rcc.c.obj
 .debug_aranges
                0x00000000000004a0      0x3d0 CMakeFiles/QEA.elf.dir/Drivers/STM32F1xx_HAL_Driver/Src/stm32f1xx_hal_tim.c.obj
 .debug_aranges
                0x0000000000000870      0x168 CMakeFiles/QEA.elf.dir/Drivers/STM32F1xx_HAL_Driver/Src/stm32f1xx_hal_tim_ex.c.obj
 .debug_aranges
                0x00000000000009d8      0x200 CMakeFiles/QEA.elf.dir/Drivers/STM32F1xx_HAL_Driver/Src/stm32f1xx_hal_uart.c.obj

.debug_ranges   0x0000000000000000      0xb70
 .debug_ranges  0x0000000000000000       0x10 CMakeFiles/QEA.elf.dir/Core/Src/gpio.c.obj
 .debug_ranges  0x0000000000000010       0xb0 CMakeFiles/QEA.elf.dir/Core/Src/main.c.obj
 .debug_ranges  0x00000000000000c0       0x10 CMakeFiles/QEA.elf.dir/Core/Src/stm32f1xx_hal_msp.c.obj
 .debug_ranges  0x00000000000000d0       0x58 CMakeFiles/QEA.elf.dir/Core/Src/stm32f1xx_it.c.obj
 .debug_ranges  0x0000000000000128       0x18 CMakeFiles/QEA.elf.dir/Core/Src/system_stm32f1xx.c.obj
 .debug_ranges  0x0000000000000140       0x50 CMakeFiles/QEA.elf.dir/Core/Src/tim.c.obj
 .debug_ranges  0x0000000000000190       0x20 CMakeFiles/QEA.elf.dir/Core/Src/usart.c.obj
 .debug_ranges  0x00000000000001b0       0x20 CMakeFiles/QEA.elf.dir/Core/Startup/startup_stm32f103rctx.s.obj
 .debug_ranges  0x00000000000001d0       0xd0 CMakeFiles/QEA.elf.dir/Drivers/STM32F1xx_HAL_Driver/Src/stm32f1xx_hal.c.obj
 .debug_ranges  0x00000000000002a0       0xe0 CMakeFiles/QEA.elf.dir/Drivers/STM32F1xx_HAL_Driver/Src/stm32f1xx_hal_cortex.c.obj
 .debug_ranges  0x0000000000000380       0x48 CMakeFiles/QEA.elf.dir/Drivers/STM32F1xx_HAL_Driver/Src/stm32f1xx_hal_gpio.c.obj
 .debug_ranges  0x00000000000003c8       0xa0 CMakeFiles/QEA.elf.dir/Drivers/STM32F1xx_HAL_Driver/Src/stm32f1xx_hal_rcc.c.obj
 .debug_ranges  0x0000000000000468      0x3c0 CMakeFiles/QEA.elf.dir/Drivers/STM32F1xx_HAL_Driver/Src/stm32f1xx_hal_tim.c.obj
 .debug_ranges  0x0000000000000828      0x158 CMakeFiles/QEA.elf.dir/Drivers/STM32F1xx_HAL_Driver/Src/stm32f1xx_hal_tim_ex.c.obj
 .debug_ranges  0x0000000000000980      0x1f0 CMakeFiles/QEA.elf.dir/Drivers/STM32F1xx_HAL_Driver/Src/stm32f1xx_hal_uart.c.obj

.debug_line     0x0000000000000000     0xbed6
 .debug_line    0x0000000000000000      0x226 CMakeFiles/QEA.elf.dir/Core/Src/gpio.c.obj
 .debug_line    0x0000000000000226      0xacc CMakeFiles/QEA.elf.dir/Core/Src/main.c.obj
 .debug_line    0x0000000000000cf2      0x158 CMakeFiles/QEA.elf.dir/Core/Src/stm32f1xx_hal_msp.c.obj
 .debug_line    0x0000000000000e4a      0x2e4 CMakeFiles/QEA.elf.dir/Core/Src/stm32f1xx_it.c.obj
 .debug_line    0x000000000000112e      0x222 CMakeFiles/QEA.elf.dir/Core/Src/system_stm32f1xx.c.obj
 .debug_line    0x0000000000001350      0x6a8 CMakeFiles/QEA.elf.dir/Core/Src/tim.c.obj
 .debug_line    0x00000000000019f8      0x309 CMakeFiles/QEA.elf.dir/Core/Src/usart.c.obj
 .debug_line    0x0000000000001d01       0xa1 CMakeFiles/QEA.elf.dir/Core/Startup/startup_stm32f103rctx.s.obj
 .debug_line    0x0000000000001da2      0x544 CMakeFiles/QEA.elf.dir/Drivers/STM32F1xx_HAL_Driver/Src/stm32f1xx_hal.c.obj
 .debug_line    0x00000000000022e6      0x632 CMakeFiles/QEA.elf.dir/Drivers/STM32F1xx_HAL_Driver/Src/stm32f1xx_hal_cortex.c.obj
 .debug_line    0x0000000000002918      0x5f0 CMakeFiles/QEA.elf.dir/Drivers/STM32F1xx_HAL_Driver/Src/stm32f1xx_hal_gpio.c.obj
 .debug_line    0x0000000000002f08      0xc25 CMakeFiles/QEA.elf.dir/Drivers/STM32F1xx_HAL_Driver/Src/stm32f1xx_hal_rcc.c.obj
 .debug_line    0x0000000000003b2d     0x4736 CMakeFiles/QEA.elf.dir/Drivers/STM32F1xx_HAL_Driver/Src/stm32f1xx_hal_tim.c.obj
 .debug_line    0x0000000000008263     0x1bbf CMakeFiles/QEA.elf.dir/Drivers/STM32F1xx_HAL_Driver/Src/stm32f1xx_hal_tim_ex.c.obj
 .debug_line    0x0000000000009e22     0x20b4 CMakeFiles/QEA.elf.dir/Drivers/STM32F1xx_HAL_Driver/Src/stm32f1xx_hal_uart.c.obj

.debug_str      0x0000000000000000     0x3909
 .debug_str     0x0000000000000000      0x25e CMakeFiles/QEA.elf.dir/Core/Src/gpio.c.obj
                                        0x2af (size before relaxing)
 .debug_str     0x000000000000025e      0x8ed CMakeFiles/QEA.elf.dir/Core/Src/main.c.obj
                                        0xb6f (size before relaxing)
 .debug_str     0x0000000000000b4b       0x74 CMakeFiles/QEA.elf.dir/Core/Src/stm32f1xx_hal_msp.c.obj
                                        0x251 (size before relaxing)
 .debug_str     0x0000000000000bbf       0xf4 CMakeFiles/QEA.elf.dir/Core/Src/stm32f1xx_it.c.obj
                                        0x745 (size before relaxing)
 .debug_str     0x0000000000000cb3       0xa2 CMakeFiles/QEA.elf.dir/Core/Src/system_stm32f1xx.c.obj
                                        0x286 (size before relaxing)
 .debug_str     0x0000000000000d55      0x6e8 CMakeFiles/QEA.elf.dir/Core/Src/tim.c.obj
                                        0xe88 (size before relaxing)
 .debug_str     0x000000000000143d      0x234 CMakeFiles/QEA.elf.dir/Core/Src/usart.c.obj
                                        0x6ca (size before relaxing)
 .debug_str     0x0000000000001671       0x50 CMakeFiles/QEA.elf.dir/Core/Startup/startup_stm32f103rctx.s.obj
                                         0x7f (size before relaxing)
 .debug_str     0x00000000000016c1      0x31e CMakeFiles/QEA.elf.dir/Drivers/STM32F1xx_HAL_Driver/Src/stm32f1xx_hal.c.obj
                                        0x93a (size before relaxing)
 .debug_str     0x00000000000019df      0x3b8 CMakeFiles/QEA.elf.dir/Drivers/STM32F1xx_HAL_Driver/Src/stm32f1xx_hal_cortex.c.obj
                                        0x9e9 (size before relaxing)
 .debug_str     0x0000000000001d97      0x134 CMakeFiles/QEA.elf.dir/Drivers/STM32F1xx_HAL_Driver/Src/stm32f1xx_hal_gpio.c.obj
                                        0x432 (size before relaxing)
 .debug_str     0x0000000000001ecb      0x20e CMakeFiles/QEA.elf.dir/Drivers/STM32F1xx_HAL_Driver/Src/stm32f1xx_hal_rcc.c.obj
                                        0x65d (size before relaxing)
 .debug_str     0x00000000000020d9      0xcd4 CMakeFiles/QEA.elf.dir/Drivers/STM32F1xx_HAL_Driver/Src/stm32f1xx_hal_tim.c.obj
                                       0x166a (size before relaxing)
 .debug_str     0x0000000000002dad      0x53e CMakeFiles/QEA.elf.dir/Drivers/STM32F1xx_HAL_Driver/Src/stm32f1xx_hal_tim_ex.c.obj
                                        0xe6b (size before relaxing)
 .debug_str     0x00000000000032eb      0x61e CMakeFiles/QEA.elf.dir/Drivers/STM32F1xx_HAL_Driver/Src/stm32f1xx_hal_uart.c.obj
                                        0xcc0 (size before relaxing)

.comment        0x0000000000000000       0x49
 .comment       0x0000000000000000       0x49 CMakeFiles/QEA.elf.dir/Core/Src/gpio.c.obj
                                         0x4a (size before relaxing)
 .comment       0x0000000000000049       0x4a CMakeFiles/QEA.elf.dir/Core/Src/main.c.obj
 .comment       0x0000000000000049       0x4a CMakeFiles/QEA.elf.dir/Core/Src/stm32f1xx_hal_msp.c.obj
 .comment       0x0000000000000049       0x4a CMakeFiles/QEA.elf.dir/Core/Src/stm32f1xx_it.c.obj
 .comment       0x0000000000000049       0x4a CMakeFiles/QEA.elf.dir/Core/Src/system_stm32f1xx.c.obj
 .comment       0x0000000000000049       0x4a CMakeFiles/QEA.elf.dir/Core/Src/tim.c.obj
 .comment       0x0000000000000049       0x4a CMakeFiles/QEA.elf.dir/Core/Src/usart.c.obj
 .comment       0x0000000000000049       0x4a CMakeFiles/QEA.elf.dir/Drivers/STM32F1xx_HAL_Driver/Src/stm32f1xx_hal.c.obj
 .comment       0x0000000000000049       0x4a CMakeFiles/QEA.elf.dir/Drivers/STM32F1xx_HAL_Driver/Src/stm32f1xx_hal_cortex.c.obj
 .comment       0x0000000000000049       0x4a CMakeFiles/QEA.elf.dir/Drivers/STM32F1xx_HAL_Driver/Src/stm32f1xx_hal_gpio.c.obj
 .comment       0x0000000000000049       0x4a CMakeFiles/QEA.elf.dir/Drivers/STM32F1xx_HAL_Driver/Src/stm32f1xx_hal_rcc.c.obj
 .comment       0x0000000000000049       0x4a CMakeFiles/QEA.elf.dir/Drivers/STM32F1xx_HAL_Driver/Src/stm32f1xx_hal_tim.c.obj
 .comment       0x0000000000000049       0x4a CMakeFiles/QEA.elf.dir/Drivers/STM32F1xx_HAL_Driver/Src/stm32f1xx_hal_tim_ex.c.obj
 .comment       0x0000000000000049       0x4a CMakeFiles/QEA.elf.dir/Drivers/STM32F1xx_HAL_Driver/Src/stm32f1xx_hal_uart.c.obj

.debug_frame    0x0000000000000000     0x2360
 .debug_frame   0x0000000000000000       0x38 CMakeFiles/QEA.elf.dir/Core/Src/gpio.c.obj
 .debug_frame   0x0000000000000038      0x274 CMakeFiles/QEA.elf.dir/Core/Src/main.c.obj
 .debug_frame   0x00000000000002ac       0x28 CMakeFiles/QEA.elf.dir/Core/Src/stm32f1xx_hal_msp.c.obj
 .debug_frame   0x00000000000002d4       0xc0 CMakeFiles/QEA.elf.dir/Core/Src/stm32f1xx_it.c.obj
 .debug_frame   0x0000000000000394       0x30 CMakeFiles/QEA.elf.dir/Core/Src/system_stm32f1xx.c.obj
 .debug_frame   0x00000000000003c4      0x120 CMakeFiles/QEA.elf.dir/Core/Src/tim.c.obj
 .debug_frame   0x00000000000004e4       0x60 CMakeFiles/QEA.elf.dir/Core/Src/usart.c.obj
 .debug_frame   0x0000000000000544      0x1cc CMakeFiles/QEA.elf.dir/Drivers/STM32F1xx_HAL_Driver/Src/stm32f1xx_hal.c.obj
 .debug_frame   0x0000000000000710      0x118 CMakeFiles/QEA.elf.dir/Drivers/STM32F1xx_HAL_Driver/Src/stm32f1xx_hal_cortex.c.obj
 .debug_frame   0x0000000000000828       0xe4 CMakeFiles/QEA.elf.dir/Drivers/STM32F1xx_HAL_Driver/Src/stm32f1xx_hal_gpio.c.obj
 .debug_frame   0x000000000000090c      0x190 CMakeFiles/QEA.elf.dir/Drivers/STM32F1xx_HAL_Driver/Src/stm32f1xx_hal_rcc.c.obj
 .debug_frame   0x0000000000000a9c      0xb04 CMakeFiles/QEA.elf.dir/Drivers/STM32F1xx_HAL_Driver/Src/stm32f1xx_hal_tim.c.obj
 .debug_frame   0x00000000000015a0      0x40c CMakeFiles/QEA.elf.dir/Drivers/STM32F1xx_HAL_Driver/Src/stm32f1xx_hal_tim_ex.c.obj
 .debug_frame   0x00000000000019ac      0x5c4 CMakeFiles/QEA.elf.dir/Drivers/STM32F1xx_HAL_Driver/Src/stm32f1xx_hal_uart.c.obj
 .debug_frame   0x0000000000001f70       0xac /Applications/ARM/bin/../lib/gcc/arm-none-eabi/10.3.1/thumb/v7-m/nofp/libgcc.a(_arm_addsubdf3.o)
 .debug_frame   0x000000000000201c       0x50 /Applications/ARM/bin/../lib/gcc/arm-none-eabi/10.3.1/thumb/v7-m/nofp/libgcc.a(_arm_muldivdf3.o)
 .debug_frame   0x000000000000206c       0xc4 /Applications/ARM/bin/../lib/gcc/arm-none-eabi/10.3.1/thumb/v7-m/nofp/libgcc.a(_arm_cmpdf2.o)
 .debug_frame   0x0000000000002130       0x24 /Applications/ARM/bin/../lib/gcc/arm-none-eabi/10.3.1/thumb/v7-m/nofp/libgcc.a(_arm_fixunsdfsi.o)
 .debug_frame   0x0000000000002154       0x20 /Applications/ARM/bin/../lib/gcc/arm-none-eabi/10.3.1/../../../../arm-none-eabi/lib/thumb/v7-m/nofp/libg.a(lib_a-errno.o)
 .debug_frame   0x0000000000002174       0x2c /Applications/ARM/bin/../lib/gcc/arm-none-eabi/10.3.1/../../../../arm-none-eabi/lib/thumb/v7-m/nofp/libg.a(lib_a-init.o)
 .debug_frame   0x00000000000021a0       0x2c /Applications/ARM/bin/../lib/gcc/arm-none-eabi/10.3.1/../../../../arm-none-eabi/lib/thumb/v7-m/nofp/libg.a(lib_a-memset.o)
 .debug_frame   0x00000000000021cc       0x5c /Applications/ARM/bin/../lib/gcc/arm-none-eabi/10.3.1/../../../../arm-none-eabi/lib/thumb/v7-m/nofp/libg.a(lib_a-__call_atexit.o)
 .debug_frame   0x0000000000002228       0x20 /Applications/ARM/bin/../lib/gcc/arm-none-eabi/10.3.1/../../../../arm-none-eabi/lib/thumb/v7-m/nofp/libg.a(lib_a-atexit.o)
 .debug_frame   0x0000000000002248       0x34 /Applications/ARM/bin/../lib/gcc/arm-none-eabi/10.3.1/../../../../arm-none-eabi/lib/thumb/v7-m/nofp/libg.a(lib_a-fini.o)
 .debug_frame   0x000000000000227c       0xb0 /Applications/ARM/bin/../lib/gcc/arm-none-eabi/10.3.1/../../../../arm-none-eabi/lib/thumb/v7-m/nofp/libg.a(lib_a-lock.o)
 .debug_frame   0x000000000000232c       0x34 /Applications/ARM/bin/../lib/gcc/arm-none-eabi/10.3.1/../../../../arm-none-eabi/lib/thumb/v7-m/nofp/libg.a(lib_a-__atexit.o)

.debug_loc      0x0000000000000000     0x9e61
 .debug_loc     0x0000000000000000      0x595 CMakeFiles/QEA.elf.dir/Core/Src/main.c.obj
 .debug_loc     0x0000000000000595       0x15 CMakeFiles/QEA.elf.dir/Core/Src/stm32f1xx_hal_msp.c.obj
 .debug_loc     0x00000000000005aa       0xff CMakeFiles/QEA.elf.dir/Core/Src/system_stm32f1xx.c.obj
 .debug_loc     0x00000000000006a9      0x184 CMakeFiles/QEA.elf.dir/Core/Src/tim.c.obj
 .debug_loc     0x000000000000082d       0x84 CMakeFiles/QEA.elf.dir/Core/Src/usart.c.obj
 .debug_loc     0x00000000000008b1      0x141 CMakeFiles/QEA.elf.dir/Drivers/STM32F1xx_HAL_Driver/Src/stm32f1xx_hal.c.obj
 .debug_loc     0x00000000000009f2      0x71f CMakeFiles/QEA.elf.dir/Drivers/STM32F1xx_HAL_Driver/Src/stm32f1xx_hal_cortex.c.obj
 .debug_loc     0x0000000000001111      0x47d CMakeFiles/QEA.elf.dir/Drivers/STM32F1xx_HAL_Driver/Src/stm32f1xx_hal_gpio.c.obj
 .debug_loc     0x000000000000158e      0x63e CMakeFiles/QEA.elf.dir/Drivers/STM32F1xx_HAL_Driver/Src/stm32f1xx_hal_rcc.c.obj
 .debug_loc     0x0000000000001bcc     0x474c CMakeFiles/QEA.elf.dir/Drivers/STM32F1xx_HAL_Driver/Src/stm32f1xx_hal_tim.c.obj
 .debug_loc     0x0000000000006318     0x1b12 CMakeFiles/QEA.elf.dir/Drivers/STM32F1xx_HAL_Driver/Src/stm32f1xx_hal_tim_ex.c.obj
 .debug_loc     0x0000000000007e2a     0x2037 CMakeFiles/QEA.elf.dir/Drivers/STM32F1xx_HAL_Driver/Src/stm32f1xx_hal_uart.c.obj
